1943.cfg - Unknown file format. Couldn't parse the line: '# Config created by Floob'. while parsing line number 0 with value '' - IniParser version: 2.5.2.0 while parsing line number 1 with value '# Config created by Floob' - IniParser version: 2.5.2.01943.cfg - Input string was not in a correct format.1943.cfg - Le répertoire n’est pas vide. : 'D:\Perso\mame-retroarch-bezel-converter\tmp\output_mame\1943.cfg'